
Allocating common symbols
Common symbol       size              file

kbd_buf             0x6c              build/keyboard.o
root_dir            0x208             build/dir.o
thread_ready_list   0x10              build/thread.o
thread_all_list     0x10              build/thread.o
user_pool           0x2c              build/memory.o
channel_cnt         0x1               build/ide.o
cur_part            0x4               build/fs.o
k_block_descs       0xa8              build/memory.o
idle_thread         0x4               build/thread.o
intr_name           0x204             build/interrupt.o
main_thread         0x4               build/thread.o
channels            0xcc0             build/ide.o
ticks               0x4               build/timer.o
kernel_vaddr        0xc               build/memory.o
syscall_table       0x80              build/syscall-init.o
idt_table           0x204             build/interrupt.o
file_table          0x180             build/file.o
partition_list      0x10              build/ide.o
kernel_pool         0x2c              build/memory.o
pid_lock            0x1c              build/thread.o

Discarded input sections

 .note.GNU-stack
                0x0000000000000000        0x0 build/main.o
 .note.GNU-stack
                0x0000000000000000        0x0 build/init.o
 .note.GNU-stack
                0x0000000000000000        0x0 build/interrupt.o
 .note.GNU-stack
                0x0000000000000000        0x0 build/timer.o
 .note.GNU-stack
                0x0000000000000000        0x0 build/debug.o
 .note.GNU-stack
                0x0000000000000000        0x0 build/bitmap.o
 .note.GNU-stack
                0x0000000000000000        0x0 build/string.o
 .note.GNU-stack
                0x0000000000000000        0x0 build/memory.o
 .note.GNU-stack
                0x0000000000000000        0x0 build/thread.o
 .note.GNU-stack
                0x0000000000000000        0x0 build/list.o
 .note.GNU-stack
                0x0000000000000000        0x0 build/sync.o
 .note.GNU-stack
                0x0000000000000000        0x0 build/console.o
 .note.GNU-stack
                0x0000000000000000        0x0 build/keyboard.o
 .note.GNU-stack
                0x0000000000000000        0x0 build/ioqueue.o
 .note.GNU-stack
                0x0000000000000000        0x0 build/tss.o
 .note.GNU-stack
                0x0000000000000000        0x0 build/process.o
 .note.GNU-stack
                0x0000000000000000        0x0 build/syscall.o
 .note.GNU-stack
                0x0000000000000000        0x0 build/syscall-init.o
 .note.GNU-stack
                0x0000000000000000        0x0 build/stdio.o
 .note.GNU-stack
                0x0000000000000000        0x0 build/stdio-kernel.o
 .note.GNU-stack
                0x0000000000000000        0x0 build/ide.o
 .note.GNU-stack
                0x0000000000000000        0x0 build/fs.o
 .note.GNU-stack
                0x0000000000000000        0x0 build/file.o
 .note.GNU-stack
                0x0000000000000000        0x0 build/inode.o
 .note.GNU-stack
                0x0000000000000000        0x0 build/dir.o

Memory Configuration

Name             Origin             Length             Attributes
*default*        0x0000000000000000 0xffffffffffffffff

Linker script and memory map

Address of section .text set to 0xc0001500
LOAD build/main.o
LOAD build/init.o
LOAD build/interrupt.o
LOAD build/timer.o
LOAD build/kernel.o
LOAD build/print.o
LOAD build/debug.o
LOAD build/bitmap.o
LOAD build/string.o
LOAD build/memory.o
LOAD build/thread.o
LOAD build/switch.o
LOAD build/list.o
LOAD build/sync.o
LOAD build/console.o
LOAD build/keyboard.o
LOAD build/ioqueue.o
LOAD build/tss.o
LOAD build/process.o
LOAD build/syscall.o
LOAD build/syscall-init.o
LOAD build/stdio.o
LOAD build/stdio-kernel.o
LOAD build/ide.o
LOAD build/fs.o
LOAD build/file.o
LOAD build/inode.o
LOAD build/dir.o
                [!provide]                        PROVIDE (__executable_start, 0x8048000)
                0x0000000008048094                . = (0x8048000 + SIZEOF_HEADERS)

.interp
 *(.interp)

.note.gnu.build-id
 *(.note.gnu.build-id)

.hash
 *(.hash)

.gnu.hash
 *(.gnu.hash)

.dynsym
 *(.dynsym)

.dynstr
 *(.dynstr)

.gnu.version
 *(.gnu.version)

.gnu.version_d
 *(.gnu.version_d)

.gnu.version_r
 *(.gnu.version_r)

.rel.dyn        0x0000000008048094        0x0
 *(.rel.init)
 *(.rel.text .rel.text.* .rel.gnu.linkonce.t.*)
 .rel.text      0x0000000008048094        0x0 build/main.o
 *(.rel.fini)
 *(.rel.rodata .rel.rodata.* .rel.gnu.linkonce.r.*)
 *(.rel.data.rel.ro .rel.data.rel.ro.* .rel.gnu.linkonce.d.rel.ro.*)
 *(.rel.data .rel.data.* .rel.gnu.linkonce.d.*)
 *(.rel.tdata .rel.tdata.* .rel.gnu.linkonce.td.*)
 *(.rel.tbss .rel.tbss.* .rel.gnu.linkonce.tb.*)
 *(.rel.ctors)
 *(.rel.dtors)
 *(.rel.got)
 *(.rel.bss .rel.bss.* .rel.gnu.linkonce.b.*)
 *(.rel.ifunc)

.rel.plt        0x0000000008048094        0x0
 *(.rel.plt)
                [!provide]                        PROVIDE (__rel_iplt_start, .)
 *(.rel.iplt)
                [!provide]                        PROVIDE (__rel_iplt_end, .)

.init
 *(SORT(.init))

.plt
 *(.plt)
 *(.iplt)

.plt.got
 *(.plt.got)

.text           0x00000000c0001500     0x8f4f
 *(.text.unlikely .text.*_unlikely .text.unlikely.*)
 *(.text.exit .text.exit.*)
 *(.text.startup .text.startup.*)
 *(.text.hot .text.hot.*)
 *(.text .stub .text.* .gnu.linkonce.t.*)
 .text          0x00000000c0001500      0x165 build/main.o
                0x00000000c0001500                main
 .text          0x00000000c0001665       0x4b build/init.o
                0x00000000c0001665                init_all
 .text          0x00000000c00016b0      0x480 build/interrupt.o
                0x00000000c0001a1e                intr_enable
                0x00000000c0001a47                intr_disable
                0x00000000c0001a70                intr_set_status
                0x00000000c0001a8e                intr_get_status
                0x00000000c0001ab2                register_handler
                0x00000000c0001ace                idt_init
 .text          0x00000000c0001b30      0x201 build/timer.o
                0x00000000c0001c7f                mtime_sleep
                0x00000000c0001cd1                timer_init
 *fill*         0x00000000c0001d31        0xf 
 .text          0x00000000c0001d40      0x55b build/kernel.o
                0x00000000c0001d40                intr_exit
                0x00000000c0002277                syscall_handler
 *fill*         0x00000000c000229b        0x5 
 .text          0x00000000c00022a0      0x172 build/print.o
                0x00000000c00022a0                put_str
                0x00000000c00022be                put_char
                0x00000000c000238b                put_int
                0x00000000c00023ee                set_cursor
 .text          0x00000000c0002412       0xa5 build/debug.o
                0x00000000c0002412                panic_spin
 .text          0x00000000c00024b7      0x266 build/bitmap.o
                0x00000000c00024b7                bitmap_init
                0x00000000c00024de                bitmap_scan_test
                0x00000000c000251e                bitmap_scan
                0x00000000c0002662                bitmap_set
 .text          0x00000000c000271d      0x444 build/string.o
                0x00000000c000271d                memset
                0x00000000c0002779                memcpy
                0x00000000c00027e5                memcmp
                0x00000000c0002875                strcpy
                0x00000000c00028d5                strlen
                0x00000000c000292b                strcmp
                0x00000000c00029b1                strchr
                0x00000000c0002a16                strrchr
                0x00000000c0002a7f                strcat
                0x00000000c0002af4                strchrs
 .text          0x00000000c0002b61     0x1116 build/memory.o
                0x00000000c0002c91                pte_ptr
                0x00000000c0002cc1                pde_ptr
                0x00000000c0002e72                malloc_page
                0x00000000c0002f3c                get_kernel_pages
                0x00000000c0002f80                get_user_pages
                0x00000000c0002fd6                get_a_page
                0x00000000c000314e                addr_v2p
                0x00000000c000333a                block_desc_init
                0x00000000c00033ed                sys_malloc
                0x00000000c0003718                pfree
                0x00000000c000385b                mfree_page
                0x00000000c0003a36                sys_free
                0x00000000c0003c36                mem_init
 .text          0x00000000c0003c77      0x70c build/thread.o
                0x00000000c0003c8d                running_thread
                0x00000000c0003ced                thread_create
                0x00000000c0003d63                thread_start
                0x00000000c0003ede                schedule
                0x00000000c000402d                thread_block
                0x00000000c0004094                thread_unblock
                0x00000000c000419f                thread_yield
                0x00000000c0004225                init_thread
                0x00000000c0004311                thread_init
 *fill*         0x00000000c0004383        0xd 
 .text          0x00000000c0004390       0x15 build/switch.o
                0x00000000c0004390                switch_to
 .text          0x00000000c00043a5      0x1e3 build/list.o
                0x00000000c00043a5                list_init
                0x00000000c00043d2                list_insert_before
                0x00000000c0004413                list_push
                0x00000000c0004430                list_append
                0x00000000c000444d                list_remove
                0x00000000c0004483                list_pop
                0x00000000c00044a2                elem_find
                0x00000000c00044dd                list_traversal
                0x00000000c000453a                list_len
                0x00000000c000456f                list_empty
 .text          0x00000000c0004588      0x347 build/sync.o
                0x00000000c0004588                sema_init
                0x00000000c00045ad                lock_init
                0x00000000c00045de                sema_down
                0x00000000c00046f2                sema_up
                0x00000000c00047a8                lock_acquire
                0x00000000c0004824                lock_release
 .text          0x00000000c00048cf       0x9a build/console.o
                0x00000000c00048cf                console_init
                0x00000000c00048e3                console_acquire
                0x00000000c00048f7                console_release
                0x00000000c000490b                console_put_str
                0x00000000c0004928                console_put_char
                0x00000000c000494c                console_put_int
 .text          0x00000000c0004969      0x2cb build/keyboard.o
                0x00000000c0004bf4                keyboard_init
 .text          0x00000000c0004c34      0x2ef build/ioqueue.o
                0x00000000c0004c34                ioqueue_init
                0x00000000c0004c8f                ioq_full
                0x00000000c0004dc7                ioq_getchar
                0x00000000c0004e74                ioq_putchar
 .text          0x00000000c0004f23      0x1af build/tss.o
                0x00000000c0004f23                update_tss_esp
                0x00000000c0004fa4                tss_init
 .text          0x00000000c00050d2      0x365 build/process.o
                0x00000000c00050d2                start_process
                0x00000000c00051d8                page_dir_activate
                0x00000000c0005208                process_activate
                0x00000000c000525a                create_page_dir
                0x00000000c00052cb                create_user_vaddr_bitmap
                0x00000000c000530d                process_execute
 .text          0x00000000c0005437       0x73 build/syscall.o
                0x00000000c0005437                getpid
                0x00000000c000544c                write
                0x00000000c000546f                malloc
                0x00000000c000548e                free
 .text          0x00000000c00054aa       0x59 build/syscall-init.o
                0x00000000c00054aa                sys_getpid
                0x00000000c00054bb                syscall_init
 .text          0x00000000c0005503      0x2a9 build/stdio.o
                0x00000000c000558a                vsprintf
                0x00000000c00056ff                printf
                0x00000000c0005778                sprintf
 .text          0x00000000c00057ac       0x62 build/stdio-kernel.o
                0x00000000c00057ac                printk
 .text          0x00000000c000580e      0xddd build/ide.o
                0x00000000c0005b0e                ide_read
                0x00000000c0005c9c                ide_write
                0x00000000c0006307                intr_hd_handler
                0x00000000c00063d6                ide_init
 .text          0x00000000c00065eb     0x1811 build/fs.o
                0x00000000c0006cd3                path_parse
                0x00000000c0006d2a                path_depth_cnt
                0x00000000c0007045                sys_open
                0x00000000c000729a                fd_local2global
                0x00000000c00072ef                sys_close
                0x00000000c0007344                sys_write
                0x00000000c000742b                sys_read
                0x00000000c00074ac                sys_lseek
                0x00000000c0007597                sys_unlink
                0x00000000c00077b8                sys_mkdir
                0x00000000c0007be2                filesys_init
 .text          0x00000000c0007dfc     0x11fe build/file.o
                0x00000000c0007dfc                get_free_slot_in_global
                0x00000000c0007e4b                pcb_fd_install
                0x00000000c0007eb1                inode_bitmap_alloc
                0x00000000c0007eff                block_bitmap_alloc
                0x00000000c0007f58                bitmap_sync
                0x00000000c0007fec                file_create
                0x00000000c00082c1                file_open
                0x00000000c00083c9                file_close
                0x00000000c0008408                file_write
                0x00000000c0008c02                file_read
 .text          0x00000000c0008ffa      0x818 build/inode.o
                0x00000000c000909e                inode_sync
                0x00000000c0009212                inode_open
                0x00000000c000936d                inode_close
                0x00000000c00093de                inode_delete
                0x00000000c0009543                inode_release
                0x00000000c00097c0                inode_init
 .text          0x00000000c0009812      0xc3d build/dir.o
                0x00000000c0009812                open_root_dir
                0x00000000c0009841                dir_open
                0x00000000c000987c                search_dir_entry
                0x00000000c0009a5a                dir_close
                0x00000000c0009a85                create_dir_entry
                0x00000000c0009afb                sync_dir_entry
                0x00000000c0009f73                delete_dir_entry
 *(.gnu.warning)

.fini
 *(SORT(.fini))
                [!provide]                        PROVIDE (__etext, .)
                [!provide]                        PROVIDE (_etext, .)
                [!provide]                        PROVIDE (etext, .)

.rodata         0x00000000c000a450     0x1e7d
 *(.rodata .rodata.* .gnu.linkonce.r.*)
 .rodata        0x00000000c000a450      0x136 build/main.o
 .rodata        0x00000000c000a586        0xa build/init.o
 .rodata        0x00000000c000a590      0x2bd build/interrupt.o
 *fill*         0x00000000c000a84d        0x3 
 .rodata        0x00000000c000a850       0x87 build/timer.o
 .rodata        0x00000000c000a8d7       0x3d build/debug.o
 .rodata        0x00000000c000a914       0x64 build/bitmap.o
 .rodata        0x00000000c000a978       0xbf build/string.o
 *fill*         0x00000000c000aa37        0x1 
 .rodata        0x00000000c000aa38      0x3ac build/memory.o
 .rodata        0x00000000c000ade4      0x2d0 build/thread.o
 .rodata        0x00000000c000b0b4      0x12b build/sync.o
 .rodata        0x00000000c000b1df       0x35 build/keyboard.o
 .rodata        0x00000000c000b214       0x9d build/ioqueue.o
 .rodata        0x00000000c000b2b1       0x28 build/tss.o
 *fill*         0x00000000c000b2d9        0x3 
 .rodata        0x00000000c000b2dc       0xdd build/process.o
 .rodata        0x00000000c000b3b9       0x27 build/syscall-init.o
 .rodata        0x00000000c000b3e0      0x1eb build/ide.o
 *fill*         0x00000000c000b5cb        0x1 
 .rodata        0x00000000c000b5cc      0x699 build/fs.o
 *fill*         0x00000000c000bc65        0x3 
 .rodata        0x00000000c000bc68      0x430 build/file.o
 .rodata        0x00000000c000c098       0xbb build/inode.o
 *fill*         0x00000000c000c153        0x1 
 .rodata        0x00000000c000c154      0x179 build/dir.o

.rodata1
 *(.rodata1)

.eh_frame_hdr
 *(.eh_frame_hdr)
 *(.eh_frame_entry .eh_frame_entry.*)

.eh_frame       0x00000000c000c2d0     0x171c
 *(.eh_frame)
 .eh_frame      0x00000000c000c2d0       0x38 build/main.o
 .eh_frame      0x00000000c000c308       0x20 build/init.o
                                         0x38 (size before relaxing)
 .eh_frame      0x00000000c000c328      0x188 build/interrupt.o
                                        0x1a0 (size before relaxing)
 .eh_frame      0x00000000c000c4b0       0xcc build/timer.o
                                         0xe4 (size before relaxing)
 .eh_frame      0x00000000c000c57c       0x1c build/debug.o
                                         0x34 (size before relaxing)
 .eh_frame      0x00000000c000c598       0x8c build/bitmap.o
                                         0xa4 (size before relaxing)
 .eh_frame      0x00000000c000c624      0x140 build/string.o
                                        0x158 (size before relaxing)
 .eh_frame      0x00000000c000c764      0x2a0 build/memory.o
                                        0x2b8 (size before relaxing)
 .eh_frame      0x00000000c000ca04      0x19c build/thread.o
                                        0x1b4 (size before relaxing)
 .eh_frame      0x00000000c000cba0      0x140 build/list.o
                                        0x158 (size before relaxing)
 .eh_frame      0x00000000c000cce0       0xc8 build/sync.o
                                         0xe0 (size before relaxing)
 .eh_frame      0x00000000c000cda8       0xc0 build/console.o
                                         0xd8 (size before relaxing)
 .eh_frame      0x00000000c000ce68       0x60 build/keyboard.o
                                         0x78 (size before relaxing)
 .eh_frame      0x00000000c000cec8      0x100 build/ioqueue.o
                                        0x118 (size before relaxing)
 .eh_frame      0x00000000c000cfc8       0x64 build/tss.o
                                         0x7c (size before relaxing)
 .eh_frame      0x00000000c000d02c       0xc0 build/process.o
                                         0xd8 (size before relaxing)
 .eh_frame      0x00000000c000d0ec       0x8c build/syscall.o
                                         0xa4 (size before relaxing)
 .eh_frame      0x00000000c000d178       0x40 build/syscall-init.o
                                         0x58 (size before relaxing)
 .eh_frame      0x00000000c000d1b8       0x94 build/stdio.o
                                         0xac (size before relaxing)
 .eh_frame      0x00000000c000d24c       0x28 build/stdio-kernel.o
                                         0x40 (size before relaxing)
 .eh_frame      0x00000000c000d274      0x258 build/ide.o
                                        0x270 (size before relaxing)
 .eh_frame      0x00000000c000d4cc      0x1fc build/fs.o
                                        0x214 (size before relaxing)
 .eh_frame      0x00000000c000d6c8      0x140 build/file.o
                                        0x158 (size before relaxing)
 .eh_frame      0x00000000c000d808       0xec build/inode.o
                                        0x104 (size before relaxing)
 .eh_frame      0x00000000c000d8f4       0xf8 build/dir.o
                                        0x110 (size before relaxing)
 *(.eh_frame.*)

.gcc_except_table
 *(.gcc_except_table .gcc_except_table.*)

.gnu_extab
 *(.gnu_extab*)

.exception_ranges
 *(.exception_ranges .exception_ranges*)
                0x00000000c000f000                . = DATA_SEGMENT_ALIGN (0x1000, 0x1000)

.eh_frame
 *(.eh_frame)
 *(.eh_frame.*)

.gnu_extab
 *(.gnu_extab)

.gcc_except_table
 *(.gcc_except_table .gcc_except_table.*)

.exception_ranges
 *(.exception_ranges .exception_ranges*)

.tdata
 *(.tdata .tdata.* .gnu.linkonce.td.*)

.tbss
 *(.tbss .tbss.* .gnu.linkonce.tb.*)
 *(.tcommon)

.preinit_array  0x00000000c000f000        0x0
                [!provide]                        PROVIDE (__preinit_array_start, .)
 *(.preinit_array)
                [!provide]                        PROVIDE (__preinit_array_end, .)

.init_array     0x00000000c000f000        0x0
                [!provide]                        PROVIDE (__init_array_start, .)
 *(SORT(.init_array.*) SORT(.ctors.*))
 *(.init_array EXCLUDE_FILE(*crtend?.o *crtend.o *crtbegin?.o *crtbegin.o) .ctors)
                [!provide]                        PROVIDE (__init_array_end, .)

.fini_array     0x00000000c000f000        0x0
                [!provide]                        PROVIDE (__fini_array_start, .)
 *(SORT(.fini_array.*) SORT(.dtors.*))
 *(.fini_array EXCLUDE_FILE(*crtend?.o *crtend.o *crtbegin?.o *crtbegin.o) .dtors)
                [!provide]                        PROVIDE (__fini_array_end, .)

.ctors
 *crtbegin.o(.ctors)
 *crtbegin?.o(.ctors)
 *(EXCLUDE_FILE(*crtend?.o *crtend.o) .ctors)
 *(SORT(.ctors.*))
 *(.ctors)

.dtors
 *crtbegin.o(.dtors)
 *crtbegin?.o(.dtors)
 *(EXCLUDE_FILE(*crtend?.o *crtend.o) .dtors)
 *(SORT(.dtors.*))
 *(.dtors)

.jcr
 *(.jcr)

.data.rel.ro
 *(.data.rel.ro.local* .gnu.linkonce.d.rel.ro.local.*)
 *(.data.rel.ro .data.rel.ro.* .gnu.linkonce.d.rel.ro.*)

.dynamic
 *(.dynamic)

.got
 *(.got)
 *(.igot)
                0x00000000c000f000                . = DATA_SEGMENT_RELRO_END (., (SIZEOF (.got.plt) >= 0xc)?0xc:0x0)

.got.plt        0x00000000c000f000        0x0
 *(.got.plt)
 *(.igot.plt)

.data           0x00000000c000f000      0x156
 *(.data .data.* .gnu.linkonce.d.*)
 .data          0x00000000c000f000        0x0 build/main.o
 .data          0x00000000c000f000        0x0 build/init.o
 .data          0x00000000c000f000        0x0 build/interrupt.o
 .data          0x00000000c000f000        0x0 build/timer.o
 .data          0x00000000c000f000       0xc0 build/kernel.o
                0x00000000c000f000                intr_entry_table
 .data          0x00000000c000f0c0        0x8 build/print.o
 .data          0x00000000c000f0c8        0x0 build/debug.o
 .data          0x00000000c000f0c8        0x0 build/bitmap.o
 .data          0x00000000c000f0c8        0x0 build/string.o
 .data          0x00000000c000f0c8        0x0 build/memory.o
 .data          0x00000000c000f0c8        0x0 build/thread.o
 .data          0x00000000c000f0c8        0x0 build/list.o
 .data          0x00000000c000f0c8        0x0 build/sync.o
 .data          0x00000000c000f0c8        0x0 build/console.o
 *fill*         0x00000000c000f0c8       0x18 
 .data          0x00000000c000f0e0       0x76 build/keyboard.o
 .data          0x00000000c000f156        0x0 build/ioqueue.o
 .data          0x00000000c000f156        0x0 build/tss.o
 .data          0x00000000c000f156        0x0 build/process.o
 .data          0x00000000c000f156        0x0 build/syscall.o
 .data          0x00000000c000f156        0x0 build/syscall-init.o
 .data          0x00000000c000f156        0x0 build/stdio.o
 .data          0x00000000c000f156        0x0 build/stdio-kernel.o
 .data          0x00000000c000f156        0x0 build/ide.o
 .data          0x00000000c000f156        0x0 build/fs.o
 .data          0x00000000c000f156        0x0 build/file.o
 .data          0x00000000c000f156        0x0 build/inode.o
 .data          0x00000000c000f156        0x0 build/dir.o

.data1
 *(.data1)
                0x00000000c000f156                _edata = .
                [!provide]                        PROVIDE (edata, .)
                0x00000000c000f156                . = .
                0x00000000c000f156                __bss_start = .

.bss            0x00000000c000f160     0x1c08
 *(.dynbss)
 *(.bss .bss.* .gnu.linkonce.b.*)
 .bss           0x00000000c000f160        0x0 build/main.o
 .bss           0x00000000c000f160        0x0 build/init.o
 .bss           0x00000000c000f160      0x408 build/interrupt.o
 .bss           0x00000000c000f568        0x0 build/timer.o
 .bss           0x00000000c000f568        0x0 build/debug.o
 .bss           0x00000000c000f568        0x0 build/bitmap.o
 .bss           0x00000000c000f568        0x0 build/string.o
 .bss           0x00000000c000f568        0x0 build/memory.o
 .bss           0x00000000c000f568        0x6 build/thread.o
 .bss           0x00000000c000f56e        0x0 build/list.o
 .bss           0x00000000c000f56e        0x0 build/sync.o
 *fill*         0x00000000c000f56e        0x2 
 .bss           0x00000000c000f570       0x1c build/console.o
 .bss           0x00000000c000f58c       0x14 build/keyboard.o
 .bss           0x00000000c000f5a0        0x0 build/ioqueue.o
 .bss           0x00000000c000f5a0       0x6c build/tss.o
 .bss           0x00000000c000f60c        0x0 build/process.o
 .bss           0x00000000c000f60c        0x0 build/syscall.o
 .bss           0x00000000c000f60c        0x0 build/syscall-init.o
 .bss           0x00000000c000f60c        0x0 build/stdio.o
 .bss           0x00000000c000f60c        0x0 build/stdio-kernel.o
 .bss           0x00000000c000f60c        0x6 build/ide.o
                0x00000000c000f60c                ext_lba_base
                0x00000000c000f610                p_no
                0x00000000c000f611                l_no
 .bss           0x00000000c000f612        0x0 build/fs.o
 .bss           0x00000000c000f612        0x0 build/file.o
 .bss           0x00000000c000f612        0x0 build/inode.o
 .bss           0x00000000c000f612        0x0 build/dir.o
 *(COMMON)
 *fill*         0x00000000c000f612        0xe 
 COMMON         0x00000000c000f620      0x424 build/interrupt.o
                0x00000000c000f620                intr_name
                0x00000000c000f840                idt_table
 COMMON         0x00000000c000fa44        0x4 build/timer.o
                0x00000000c000fa44                ticks
 *fill*         0x00000000c000fa48       0x18 
 COMMON         0x00000000c000fa60      0x12c build/memory.o
                0x00000000c000fa60                user_pool
                0x00000000c000faa0                k_block_descs
                0x00000000c000fb48                kernel_vaddr
                0x00000000c000fb60                kernel_pool
 COMMON         0x00000000c000fb8c       0x44 build/thread.o
                0x00000000c000fb8c                thread_ready_list
                0x00000000c000fb9c                thread_all_list
                0x00000000c000fbac                idle_thread
                0x00000000c000fbb0                main_thread
                0x00000000c000fbb4                pid_lock
 *fill*         0x00000000c000fbd0       0x10 
 COMMON         0x00000000c000fbe0       0x6c build/keyboard.o
                0x00000000c000fbe0                kbd_buf
 *fill*         0x00000000c000fc4c       0x14 
 COMMON         0x00000000c000fc60       0x80 build/syscall-init.o
                0x00000000c000fc60                syscall_table
 COMMON         0x00000000c000fce0      0xcf0 build/ide.o
                0x00000000c000fce0                channel_cnt
                0x00000000c000fd00                channels
                0x00000000c00109c0                partition_list
 COMMON         0x00000000c00109d0        0x4 build/fs.o
                0x00000000c00109d0                cur_part
 *fill*         0x00000000c00109d4        0xc 
 COMMON         0x00000000c00109e0      0x180 build/file.o
                0x00000000c00109e0                file_table
 COMMON         0x00000000c0010b60      0x208 build/dir.o
                0x00000000c0010b60                root_dir
                0x00000000c0010d68                . = ALIGN ((. != 0x0)?0x4:0x1)
                0x00000000c0010d68                . = ALIGN (0x4)
                0x00000000c0010d68                . = SEGMENT_START ("ldata-segment", .)
                0x00000000c0010d68                . = ALIGN (0x4)
                0x00000000c0010d68                _end = .
                [!provide]                        PROVIDE (end, .)
                0x00000000c0010d68                . = DATA_SEGMENT_END (.)

.stab
 *(.stab)

.stabstr
 *(.stabstr)

.stab.excl
 *(.stab.excl)

.stab.exclstr
 *(.stab.exclstr)

.stab.index
 *(.stab.index)

.stab.indexstr
 *(.stab.indexstr)

.comment        0x0000000000000000       0x2d
 *(.comment)
 .comment       0x0000000000000000       0x2d build/main.o
                                         0x2e (size before relaxing)
 .comment       0x000000000000002d       0x2e build/init.o
 .comment       0x000000000000002d       0x2e build/interrupt.o
 .comment       0x000000000000002d       0x2e build/timer.o
 .comment       0x000000000000002d       0x2e build/debug.o
 .comment       0x000000000000002d       0x2e build/bitmap.o
 .comment       0x000000000000002d       0x2e build/string.o
 .comment       0x000000000000002d       0x2e build/memory.o
 .comment       0x000000000000002d       0x2e build/thread.o
 .comment       0x000000000000002d       0x2e build/list.o
 .comment       0x000000000000002d       0x2e build/sync.o
 .comment       0x000000000000002d       0x2e build/console.o
 .comment       0x000000000000002d       0x2e build/keyboard.o
 .comment       0x000000000000002d       0x2e build/ioqueue.o
 .comment       0x000000000000002d       0x2e build/tss.o
 .comment       0x000000000000002d       0x2e build/process.o
 .comment       0x000000000000002d       0x2e build/syscall.o
 .comment       0x000000000000002d       0x2e build/syscall-init.o
 .comment       0x000000000000002d       0x2e build/stdio.o
 .comment       0x000000000000002d       0x2e build/stdio-kernel.o
 .comment       0x000000000000002d       0x2e build/ide.o
 .comment       0x000000000000002d       0x2e build/fs.o
 .comment       0x000000000000002d       0x2e build/file.o
 .comment       0x000000000000002d       0x2e build/inode.o
 .comment       0x000000000000002d       0x2e build/dir.o

.debug
 *(.debug)

.line
 *(.line)

.debug_srcinfo
 *(.debug_srcinfo)

.debug_sfnames
 *(.debug_sfnames)

.debug_aranges
 *(.debug_aranges)

.debug_pubnames
 *(.debug_pubnames)

.debug_info
 *(.debug_info .gnu.linkonce.wi.*)

.debug_abbrev
 *(.debug_abbrev)

.debug_line
 *(.debug_line .debug_line.* .debug_line_end)

.debug_frame
 *(.debug_frame)

.debug_str
 *(.debug_str)

.debug_loc
 *(.debug_loc)

.debug_macinfo
 *(.debug_macinfo)

.debug_weaknames
 *(.debug_weaknames)

.debug_funcnames
 *(.debug_funcnames)

.debug_typenames
 *(.debug_typenames)

.debug_varnames
 *(.debug_varnames)

.debug_pubtypes
 *(.debug_pubtypes)

.debug_ranges
 *(.debug_ranges)

.debug_macro
 *(.debug_macro)

.gnu.attributes
 *(.gnu.attributes)

/DISCARD/
 *(.note.GNU-stack)
 *(.gnu_debuglink)
 *(.gnu.lto_*)
OUTPUT(build/kernel.bin elf32-i386)
